
fnoorf
